2026-05-18 00:48:39,161 INFO o.a.j.u.JMeterUtils: Setting Locale to en_EN
2026-05-18 00:48:39,173 INFO o.a.j.JMeter: Loading user properties from: /opt/homebrew/Cellar/jmeter/5.6.3/libexec/bin/user.properties
2026-05-18 00:48:39,174 INFO o.a.j.JMeter: Loading system properties from: /opt/homebrew/Cellar/jmeter/5.6.3/libexec/bin/system.properties
2026-05-18 00:48:39,175 INFO o.a.j.JMeter: Copyright (c) 1998-2024 The Apache Software Foundation
2026-05-18 00:48:39,175 INFO o.a.j.JMeter: Version 5.6.3
2026-05-18 00:48:39,175 INFO o.a.j.JMeter: java.version=21.0.11
2026-05-18 00:48:39,175 INFO o.a.j.JMeter: java.vm.name=OpenJDK 64-Bit Server VM
2026-05-18 00:48:39,176 INFO o.a.j.JMeter: os.name=Mac OS X
2026-05-18 00:48:39,176 INFO o.a.j.JMeter: os.arch=aarch64
2026-05-18 00:48:39,176 INFO o.a.j.JMeter: os.version=26.4.1
2026-05-18 00:48:39,176 INFO o.a.j.JMeter: file.encoding=UTF-8
2026-05-18 00:48:39,176 INFO o.a.j.JMeter: java.awt.headless=null
2026-05-18 00:48:39,176 INFO o.a.j.JMeter: Max memory     =1073741824
2026-05-18 00:48:39,176 INFO o.a.j.JMeter: Available Processors =14
2026-05-18 00:48:39,179 INFO o.a.j.JMeter: Default Locale=English (EN)
2026-05-18 00:48:39,179 INFO o.a.j.JMeter: JMeter  Locale=English (EN)
2026-05-18 00:48:39,179 INFO o.a.j.JMeter: JMeterHome=/opt/homebrew/Cellar/jmeter/5.6.3/libexec
2026-05-18 00:48:39,179 INFO o.a.j.JMeter: user.dir  =/Users/btp/projects/helloworld
2026-05-18 00:48:39,179 INFO o.a.j.JMeter: PWD       =/Users/btp/projects/helloworld
2026-05-18 00:48:39,210 INFO o.a.j.JMeter: IP: 192.168.1.13 Name: OTA-BrayanTipan-GYY94 FullName: 192.168.1.13
2026-05-18 00:48:39,216 INFO o.a.j.JMeter: Loaded icon properties from org/apache/jmeter/images/icon.properties
2026-05-18 00:48:39,802 INFO o.a.j.JMeterGuiLauncher: Setting LAF to: com.github.weisj.darklaf.DarkLaf:com.github.weisj.darklaf.theme.DarculaTheme
2026-05-18 00:48:40,581 INFO o.a.j.r.ClassFinder: Will scan jar /opt/homebrew/Cellar/jmeter/5.6.3/libexec/lib/ext/jmeter-plugins-manager-1.9.jar with filter ExtendsClassFilter [parents=[interface org.apache.jmeter.gui.action.Command], inner=false, contains=null, notContains=null]. Consider exposing JMeter plugins via META-INF/services, and add JMeter-Skip-Class-Scanning=true manifest attribute so JMeter can skip classfile scanning
2026-05-18 00:48:40,649 INFO o.a.j.r.ClassFinder: Will scan jar /opt/homebrew/Cellar/jmeter/5.6.3/libexec/lib/ext/jmeter-plugins-manager-1.9.jar with filter ExtendsClassFilter [parents=[interface org.apache.jmeter.gui.plugin.MenuCreator], inner=false, contains=null, notContains=null]. Consider exposing JMeter plugins via META-INF/services, and add JMeter-Skip-Class-Scanning=true manifest attribute so JMeter can skip classfile scanning
2026-05-18 00:48:40,694 INFO o.j.r.JARSourceHTTP: Requesting https://jmeter-plugins.org/repo/?installID=mac_os_x-e29f7de4efeb50db45c85418e871685a-gui
2026-05-18 00:48:42,014 INFO o.j.r.PluginManager: Plugins Status: [jpgc-plugins-manager=1.9, jmeter-core=5.6.3, jmeter-ftp=5.6.3, jmeter-http=5.6.3, jmeter-jdbc=5.6.3, jmeter-jms=5.6.3, jmeter-junit=5.6.3, jmeter-java=5.6.3, jmeter-ldap=5.6.3, jmeter-mail=5.6.3, jmeter-mongodb=5.6.3, jmeter-native=5.6.3, jmeter-tcp=5.6.3, jmeter-components=5.6.3]
2026-05-18 00:48:42,015 INFO o.j.r.PluginManagerMenuItem: Plugins Manager has upgrades: [jpgc-plugins-manager]
2026-05-18 00:51:03,104 INFO o.a.j.p.h.s.HTTPSamplerBase: Parser for text/html is org.apache.jmeter.protocol.http.parser.LagartoBasedHtmlParser
2026-05-18 00:51:03,104 INFO o.a.j.p.h.s.HTTPSamplerBase: Parser for application/xhtml+xml is org.apache.jmeter.protocol.http.parser.LagartoBasedHtmlParser
2026-05-18 00:51:03,104 INFO o.a.j.p.h.s.HTTPSamplerBase: Parser for application/xml is org.apache.jmeter.protocol.http.parser.LagartoBasedHtmlParser
2026-05-18 00:51:03,104 INFO o.a.j.p.h.s.HTTPSamplerBase: Parser for text/xml is org.apache.jmeter.protocol.http.parser.LagartoBasedHtmlParser
2026-05-18 00:51:03,105 INFO o.a.j.p.h.s.HTTPSamplerBase: Parser for text/vnd.wap.wml is org.apache.jmeter.protocol.http.parser.RegexpHTMLParser
2026-05-18 00:51:03,105 INFO o.a.j.p.h.s.HTTPSamplerBase: Parser for text/css is org.apache.jmeter.protocol.http.parser.CssParser
2026-05-18 00:55:23,746 INFO o.a.j.s.FileServer: Default base='/Users/btp/projects/helloworld'
2026-05-18 00:55:23,747 INFO o.a.j.s.FileServer: Set new base='/Users/btp/projects/helloworld'
2026-05-18 00:55:23,824 INFO o.a.j.s.SaveService: Testplan (JMX) version: 2.2. Testlog (JTL) version: 2.2
2026-05-18 00:55:23,827 INFO o.a.j.s.SaveService: Using SaveService properties version 5.0
2026-05-18 00:55:23,828 INFO o.a.j.s.SaveService: Using SaveService properties file encoding UTF-8
2026-05-18 00:55:23,838 INFO o.a.j.e.StandardJMeterEngine: Running the test!
2026-05-18 00:55:23,838 INFO o.a.j.s.SampleEvent: List of sample_variables: []
2026-05-18 00:55:23,838 INFO o.a.j.s.SampleEvent: List of sample_variables: []
2026-05-18 00:55:23,838 INFO o.a.j.e.u.CompoundVariable: Note: Function class names must contain the string: '.functions.'
2026-05-18 00:55:23,838 INFO o.a.j.e.u.CompoundVariable: Note: Function class names must not contain the string: '.gui.'
2026-05-18 00:55:23,863 INFO o.a.j.r.ClassFinder: Will scan jar /opt/homebrew/Cellar/jmeter/5.6.3/libexec/lib/ext/jmeter-plugins-manager-1.9.jar with filter ExtendsClassFilter [parents=[interface org.apache.jmeter.functions.Function], inner=false, contains=null, notContains=null]. Consider exposing JMeter plugins via META-INF/services, and add JMeter-Skip-Class-Scanning=true manifest attribute so JMeter can skip classfile scanning
2026-05-18 00:55:23,866 INFO o.a.j.g.u.JMeterMenuBar: setRunning(true, *local*)
2026-05-18 00:55:23,882 INFO o.a.j.e.StandardJMeterEngine: Starting ThreadGroup: 1 : Thread Group
2026-05-18 00:55:23,882 INFO o.a.j.e.StandardJMeterEngine: Starting 5 threads for group Thread Group.
2026-05-18 00:55:23,882 INFO o.a.j.e.StandardJMeterEngine: Thread will continue on error
2026-05-18 00:55:23,882 INFO o.a.j.t.ThreadGroup: Starting thread group... number=1 threads=5 ramp-up=1 delayedStart=false
2026-05-18 00:55:23,884 INFO o.a.j.t.JMeterThread: Thread started: Thread Group 1-1
2026-05-18 00:55:23,884 INFO o.a.j.t.ThreadGroup: Started thread group number 1
2026-05-18 00:55:23,884 INFO o.a.j.e.StandardJMeterEngine: All thread groups have been started
2026-05-18 00:55:23,887 INFO o.a.j.p.h.s.HTTPHCAbstractImpl: Local host = OTA-BrayanTipan-GYY94
2026-05-18 00:55:23,889 INFO o.a.j.p.h.s.HTTPHC4Impl: HTTP request retry count = 0
2026-05-18 00:55:23,889 INFO o.a.j.s.SampleResult: Note: Sample TimeStamps are START times
2026-05-18 00:55:23,889 INFO o.a.j.s.SampleResult: sampleresult.default.encoding is set to UTF-8
2026-05-18 00:55:23,889 INFO o.a.j.s.SampleResult: sampleresult.useNanoTime=true
2026-05-18 00:55:23,890 INFO o.a.j.s.SampleResult: sampleresult.nanoThreadSleep=5000
2026-05-18 00:55:23,919 INFO o.a.j.t.JMeterThread: Thread is done: Thread Group 1-1
2026-05-18 00:55:23,919 INFO o.a.j.t.JMeterThread: Thread finished: Thread Group 1-1
2026-05-18 00:55:24,088 INFO o.a.j.t.JMeterThread: Thread started: Thread Group 1-2
2026-05-18 00:55:24,104 INFO o.a.j.t.JMeterThread: Thread is done: Thread Group 1-2
2026-05-18 00:55:24,104 INFO o.a.j.t.JMeterThread: Thread finished: Thread Group 1-2
2026-05-18 00:55:24,286 INFO o.a.j.t.JMeterThread: Thread started: Thread Group 1-3
2026-05-18 00:55:24,302 INFO o.a.j.t.JMeterThread: Thread is done: Thread Group 1-3
2026-05-18 00:55:24,303 INFO o.a.j.t.JMeterThread: Thread finished: Thread Group 1-3
2026-05-18 00:55:24,486 INFO o.a.j.t.JMeterThread: Thread started: Thread Group 1-4
2026-05-18 00:55:24,510 INFO o.a.j.t.JMeterThread: Thread is done: Thread Group 1-4
2026-05-18 00:55:24,510 INFO o.a.j.t.JMeterThread: Thread finished: Thread Group 1-4
2026-05-18 00:55:24,685 INFO o.a.j.t.JMeterThread: Thread started: Thread Group 1-5
2026-05-18 00:55:24,702 INFO o.a.j.t.JMeterThread: Thread is done: Thread Group 1-5
2026-05-18 00:55:24,703 INFO o.a.j.t.JMeterThread: Thread finished: Thread Group 1-5
2026-05-18 00:55:24,703 INFO o.a.j.e.StandardJMeterEngine: Notifying test listeners of end of test
2026-05-18 00:55:24,703 INFO o.a.j.g.u.JMeterMenuBar: setRunning(false, *local*)
2026-05-18 00:55:26,712 INFO o.a.j.e.StandardJMeterEngine: Running the test!
2026-05-18 00:55:26,712 INFO o.a.j.s.SampleEvent: List of sample_variables: []
2026-05-18 00:55:26,713 INFO o.a.j.g.u.JMeterMenuBar: setRunning(true, *local*)
2026-05-18 00:55:26,736 INFO o.a.j.e.StandardJMeterEngine: Starting ThreadGroup: 1 : Thread Group
2026-05-18 00:55:26,736 INFO o.a.j.e.StandardJMeterEngine: Starting 5 threads for group Thread Group.
2026-05-18 00:55:26,736 INFO o.a.j.e.StandardJMeterEngine: Thread will continue on error
2026-05-18 00:55:26,736 INFO o.a.j.t.ThreadGroup: Starting thread group... number=1 threads=5 ramp-up=1 delayedStart=false
2026-05-18 00:55:26,737 INFO o.a.j.t.JMeterThread: Thread started: Thread Group 1-1
2026-05-18 00:55:26,737 INFO o.a.j.t.ThreadGroup: Started thread group number 1
2026-05-18 00:55:26,737 INFO o.a.j.e.StandardJMeterEngine: All thread groups have been started
2026-05-18 00:55:26,752 INFO o.a.j.t.JMeterThread: Thread is done: Thread Group 1-1
2026-05-18 00:55:26,752 INFO o.a.j.t.JMeterThread: Thread finished: Thread Group 1-1
2026-05-18 00:55:26,937 INFO o.a.j.t.JMeterThread: Thread started: Thread Group 1-2
2026-05-18 00:55:26,960 INFO o.a.j.t.JMeterThread: Thread is done: Thread Group 1-2
2026-05-18 00:55:26,960 INFO o.a.j.t.JMeterThread: Thread finished: Thread Group 1-2
2026-05-18 00:55:27,137 INFO o.a.j.t.JMeterThread: Thread started: Thread Group 1-3
2026-05-18 00:55:27,160 INFO o.a.j.t.JMeterThread: Thread is done: Thread Group 1-3
2026-05-18 00:55:27,160 INFO o.a.j.t.JMeterThread: Thread finished: Thread Group 1-3
2026-05-18 00:55:27,338 INFO o.a.j.t.JMeterThread: Thread started: Thread Group 1-4
2026-05-18 00:55:27,359 INFO o.a.j.t.JMeterThread: Thread is done: Thread Group 1-4
2026-05-18 00:55:27,359 INFO o.a.j.t.JMeterThread: Thread finished: Thread Group 1-4
2026-05-18 00:55:27,541 INFO o.a.j.t.JMeterThread: Thread started: Thread Group 1-5
2026-05-18 00:55:27,555 INFO o.a.j.t.JMeterThread: Thread is done: Thread Group 1-5
2026-05-18 00:55:27,555 INFO o.a.j.t.JMeterThread: Thread finished: Thread Group 1-5
2026-05-18 00:55:27,555 INFO o.a.j.e.StandardJMeterEngine: Notifying test listeners of end of test
2026-05-18 00:55:27,556 INFO o.a.j.g.u.JMeterMenuBar: setRunning(false, *local*)
2026-05-18 01:27:59,144 INFO o.a.j.e.StandardJMeterEngine: Running the test!
2026-05-18 01:27:59,145 INFO o.a.j.s.SampleEvent: List of sample_variables: []
2026-05-18 01:27:59,145 INFO o.a.j.g.u.JMeterMenuBar: setRunning(true, *local*)
2026-05-18 01:27:59,175 INFO o.a.j.e.StandardJMeterEngine: Starting ThreadGroup: 1 : Thread Group
2026-05-18 01:27:59,175 INFO o.a.j.e.StandardJMeterEngine: Starting 5 threads for group Thread Group.
2026-05-18 01:27:59,175 INFO o.a.j.e.StandardJMeterEngine: Thread will continue on error
2026-05-18 01:27:59,175 INFO o.a.j.t.ThreadGroup: Starting thread group... number=1 threads=5 ramp-up=1 delayedStart=false
2026-05-18 01:27:59,175 INFO o.a.j.t.JMeterThread: Thread started: Thread Group 1-1
2026-05-18 01:27:59,176 INFO o.a.j.t.ThreadGroup: Started thread group number 1
2026-05-18 01:27:59,176 INFO o.a.j.e.StandardJMeterEngine: All thread groups have been started
2026-05-18 01:27:59,192 INFO o.a.j.t.JMeterThread: Thread is done: Thread Group 1-1
2026-05-18 01:27:59,192 INFO o.a.j.t.JMeterThread: Thread finished: Thread Group 1-1
2026-05-18 01:27:59,381 INFO o.a.j.t.JMeterThread: Thread started: Thread Group 1-2
2026-05-18 01:27:59,414 INFO o.a.j.t.JMeterThread: Thread is done: Thread Group 1-2
2026-05-18 01:27:59,415 INFO o.a.j.t.JMeterThread: Thread finished: Thread Group 1-2
2026-05-18 01:27:59,581 INFO o.a.j.t.JMeterThread: Thread started: Thread Group 1-3
2026-05-18 01:27:59,607 INFO o.a.j.t.JMeterThread: Thread is done: Thread Group 1-3
2026-05-18 01:27:59,607 INFO o.a.j.t.JMeterThread: Thread finished: Thread Group 1-3
2026-05-18 01:27:59,776 INFO o.a.j.t.JMeterThread: Thread started: Thread Group 1-4
2026-05-18 01:27:59,795 INFO o.a.j.t.JMeterThread: Thread is done: Thread Group 1-4
2026-05-18 01:27:59,795 INFO o.a.j.t.JMeterThread: Thread finished: Thread Group 1-4
2026-05-18 01:27:59,980 INFO o.a.j.t.JMeterThread: Thread started: Thread Group 1-5
2026-05-18 01:28:00,001 INFO o.a.j.t.JMeterThread: Thread is done: Thread Group 1-5
2026-05-18 01:28:00,001 INFO o.a.j.t.JMeterThread: Thread finished: Thread Group 1-5
2026-05-18 01:28:00,001 INFO o.a.j.e.StandardJMeterEngine: Notifying test listeners of end of test
2026-05-18 01:28:00,002 INFO o.a.j.g.u.JMeterMenuBar: setRunning(false, *local*)
2026-05-18 01:30:38,557 INFO o.a.j.e.StandardJMeterEngine: Running the test!
2026-05-18 01:30:38,557 INFO o.a.j.s.SampleEvent: List of sample_variables: []
2026-05-18 01:30:38,558 INFO o.a.j.g.u.JMeterMenuBar: setRunning(true, *local*)
2026-05-18 01:30:38,589 INFO o.a.j.e.StandardJMeterEngine: Starting ThreadGroup: 1 : Thread Group
2026-05-18 01:30:38,590 INFO o.a.j.e.StandardJMeterEngine: Starting 5 threads for group Thread Group.
2026-05-18 01:30:38,590 INFO o.a.j.e.StandardJMeterEngine: Thread will continue on error
2026-05-18 01:30:38,590 INFO o.a.j.t.ThreadGroup: Starting thread group... number=1 threads=5 ramp-up=1 delayedStart=false
2026-05-18 01:30:38,590 INFO o.a.j.t.JMeterThread: Thread started: Thread Group 1-1
2026-05-18 01:30:38,590 INFO o.a.j.t.ThreadGroup: Started thread group number 1
2026-05-18 01:30:38,590 INFO o.a.j.e.StandardJMeterEngine: All thread groups have been started
2026-05-18 01:30:38,596 INFO o.a.j.t.JMeterThread: Thread is done: Thread Group 1-1
2026-05-18 01:30:38,596 INFO o.a.j.t.JMeterThread: Thread finished: Thread Group 1-1
2026-05-18 01:30:38,795 INFO o.a.j.t.JMeterThread: Thread started: Thread Group 1-2
2026-05-18 01:30:38,800 INFO o.a.j.t.JMeterThread: Thread is done: Thread Group 1-2
2026-05-18 01:30:38,800 INFO o.a.j.t.JMeterThread: Thread finished: Thread Group 1-2
2026-05-18 01:30:38,991 INFO o.a.j.t.JMeterThread: Thread started: Thread Group 1-3
2026-05-18 01:30:38,998 INFO o.a.j.t.JMeterThread: Thread is done: Thread Group 1-3
2026-05-18 01:30:38,999 INFO o.a.j.t.JMeterThread: Thread finished: Thread Group 1-3
2026-05-18 01:30:39,195 INFO o.a.j.t.JMeterThread: Thread started: Thread Group 1-4
2026-05-18 01:30:39,205 INFO o.a.j.t.JMeterThread: Thread is done: Thread Group 1-4
2026-05-18 01:30:39,205 INFO o.a.j.t.JMeterThread: Thread finished: Thread Group 1-4
2026-05-18 01:30:39,395 INFO o.a.j.t.JMeterThread: Thread started: Thread Group 1-5
2026-05-18 01:30:39,403 INFO o.a.j.t.JMeterThread: Thread is done: Thread Group 1-5
2026-05-18 01:30:39,404 INFO o.a.j.t.JMeterThread: Thread finished: Thread Group 1-5
2026-05-18 01:30:39,404 INFO o.a.j.e.StandardJMeterEngine: Notifying test listeners of end of test
2026-05-18 01:30:39,404 INFO o.a.j.g.u.JMeterMenuBar: setRunning(false, *local*)
